============================= test session starts =============================
platform win32 -- Python 3.12.10, pytest-8.4.2, pluggy-1.6.0
rootdir: C:\Users\dean.guedo\Documents\GitHub\studentbudgetwars
configfile: pyproject.toml
testpaths: tests
collected 54 items

tests\test_consequence_depth.py ...........                              [ 20%]
tests\test_content_loading.py F......                                    [ 33%]
tests\test_desktop_windowing.py ......                                   [ 44%]
tests\test_mode_architecture.py ........                                 [ 59%]
tests\test_month_resolution.py ..................                        [ 92%]
tests\test_save_load.py .                                                [ 94%]
tests\test_simulation.py ...                                             [100%]

================================== FAILURES ===================================
_________________ test_content_bundle_loads_expected_v2_sets __________________

bundle = ContentBundle(config=AppConfig(game_title='After Grad: The First 10 Years', total_months=120, start_age=18, default_se...gy=71, starting_life_satisfaction=52, starting_family_support=44, starting_social_stability=48, academic_strength=68)])

    def test_content_bundle_loads_expected_v2_sets(bundle):
        assert bundle.config.total_months == 120
        assert len(bundle.cities) == 3
        assert len(bundle.careers) == 8
        assert len(bundle.education_programs) == 6
        assert len(bundle.housing_options) == 4
>       assert len(bundle.transport_options) == 6
E       AssertionError: assert 8 == 6
E        +  where 8 = len([TransportOptionDefinition(id='none', name='No Vehicle', description='You stay very local and accept that some work si...=0.84, breakdown_risk=0.1, repair_event_weight=0.45, odd_hour_access=86, liquidity_pressure=61, quality_score=80), ...])
E        +    where [TransportOptionDefinition(id='none', name='No Vehicle', description='You stay very local and accept that some work si...=0.84, breakdown_risk=0.1, repair_event_weight=0.45, odd_hour_access=86, liquidity_pressure=61, quality_score=80), ...] = ContentBundle(config=AppConfig(game_title='After Grad: The First 10 Years', total_months=120, start_age=18, default_se...gy=71, starting_life_satisfaction=52, starting_family_support=44, starting_social_stability=48, academic_strength=68)]).transport_options

tests\test_content_loading.py:14: AssertionError
=========================== short test summary info ===========================
FAILED tests/test_content_loading.py::test_content_bundle_loads_expected_v2_sets
======================== 1 failed, 53 passed in 4.32s =========================
